     1 00000000                                 ; hello-os
     2 00000000                                 ; TAB=4
     3 00000000                                 
     4                                          		ORG		0x7c00		; 指明程序的装载地址
     5 00007C00                                 		
     6 00007C00                                 ; 以下的记述用于标准FAT12格式的软盘
     7 00007C00                                 
     8 00007C00 EB 4E                           		JMP		entry
     9 00007C02 90                              		DB		0x90
    10 00007C03 48 45 4C 4C 4F 49 50 4C         		DB		"HELLOIPL"
    11 00007C0B 0200                            		DW		512	
    12 00007C0D 01                              		DB		1
    13 00007C0E 0001                            		DW		1
    14 00007C10 02                              		DB		2
    15 00007C11 00E0                            		DW		224
    16 00007C13 0B40                            		DW		2880
    17 00007C15 F0                              		DB		0xf0
    18 00007C16 0009                            		DW		9
    19 00007C18 0012                            		DW		18
    20 00007C1A 0002                            		DW		2
    21 00007C1C 00000000                        		DD		0
    22 00007C20 00000B40                        		DD		2880
    23 00007C24 00 00 29                        		DB		0,0,0x29
    24 00007C27 FFFFFFFF                        		DD		0xffffffff
    25 00007C2B 48 45 4C 4C 50 2D 4F 53 20 20   		DB		"HELLP-OS   "
       00007C35 20 
    26 00007C36 46 41 54 31 32 20 20 20         		DB		"FAT12   "	
    27 00007C3E 00 00 00 00 00 00 00 00 00 00   		RESB	18
       00007C48 00 00 00 00 00 00 00 00 
    28 00007C50                                 
    29 00007C50                                 ; 程序核心
    30 00007C50                                 
    31 00007C50                                 entry:
    32 00007C50 B8 0000                         		MOV	AX,0		;	初始化寄存器
    33 00007C53 8E D0                           		MOV	SS,AX
    34 00007C55 BC 7C00                         		MOV SP,0x7c00
    35 00007C58 8E D8                           		MOV DS,AX
    36 00007C5A 8E C0                           		MOV ES,AX
    37 00007C5C                                 		
    38 00007C5C BE 7C74                         		MOV SI,msg
    39 00007C5F                                 putloop:
    40 00007C5F 8A 04                           		MOV AL,[SI]
    41 00007C61 83 C6 01                        		ADD SI,1		; 给SI加1
    42 00007C64 3C 00                           		CMP	AL,0
    43 00007C66                                 		
    44 00007C66 74 09                           		JE	fin
    45 00007C68 B4 0E                           		MOV	AH,0x0e		; 显示一个文字
    46 00007C6A BB 000F                         		MOV	BX,15		; 指定字符颜色
    47 00007C6D CD 10                           		INT 0X10		; 调用显卡BIOS
    48 00007C6F EB EE                           		JMP putloop
    49 00007C71                                 fin:
    50 00007C71 F4                              		HLT				; 让CPU停止, 等待指令
    51 00007C72 EB FD                           		JMP	fin			; 无限循环
    52 00007C74                                 		
    53 00007C74                                 msg:
    54 00007C74 0A 0A                           		DB	0X0a, 0x0a	; 换行2次
    55 00007C76 48 6F 77 20 61 72 65 20 79 6F   		DB  "How are you?"
       00007C80 75 3F 
    56 00007C82 0A                              		DB	0x0a		; 换行2次
    57 00007C83 00                              		DB	0
    58 00007C84                                 		